// Jest Snapshot v1, https://goo.gl/fbAQLP

exports[`<LastName /> should render a LastName 1`] = `
<form
  class="ant-form ant-form-horizontal"
>
  <div
    class="ant-row ant-form-item Formstyle__StyledFormItem-sc-7x4ylh-6 hnNRbx"
  >
    <div
      class="ant-col ant-form-item-label"
    >
      <label
        class=""
        for="lastName"
        title="Last name"
      >
        Last name
      </label>
    </div>
    <div
      class="ant-col ant-form-item-control"
    >
      <div
        class="ant-form-item-control-input"
      >
        <div
          class="ant-form-item-control-input-content"
        >
          <input
            class="ant-input"
            id="lastName"
            name="lastName"
            placeholder="Enter last name"
            type="text"
            value=""
          />
        </div>
      </div>
    </div>
  </div>
</form>
`;
