// Jest Snapshot v1, https://goo.gl/fbAQLP

exports[`<Bills /> should render a Bills 1`] = `
<div
  class="ant-card Cardstyle__StyledCard-s807iu-0 heNqZU"
  darker="true"
  loaded="1"
  shadowed="true"
>
  <div
    class="ant-card-head"
  >
    <div
      class="ant-card-head-wrapper"
    >
      <div
        class="ant-card-head-title"
      >
        Bills
      </div>
      <div
        class="ant-card-extra"
      >
        <button
          class="ant-btn Buttonstyle__StyledButton-nh59mr-0 bcqyjQ ant-btn-link"
          type="button"
        >
          <div
            class="Buttonstyle__StyledButtonContent-nh59mr-1 cBxojI"
          >
            <span
              aria-label="plus-circle"
              class="anticon anticon-plus-circle"
              role="img"
            >
              <svg
                aria-hidden="true"
                class=""
                data-icon="plus-circle"
                fill="currentColor"
                focusable="false"
                height="1em"
                viewBox="64 64 896 896"
                width="1em"
              >
                <path
                  d="M696 480H544V328c0-4.4-3.6-8-8-8h-48c-4.4 0-8 3.6-8 8v152H328c-4.4 0-8 3.6-8 8v48c0 4.4 3.6 8 8 8h152v152c0 4.4 3.6 8 8 8h48c4.4 0 8-3.6 8-8V544h152c4.4 0 8-3.6 8-8v-48c0-4.4-3.6-8-8-8z"
                />
                <path
                  d="M512 64C264.6 64 64 264.6 64 512s200.6 448 448 448 448-200.6 448-448S759.4 64 512 64zm0 820c-205.4 0-372-166.6-372-372s166.6-372 372-372 372 166.6 372 372-166.6 372-372 372z"
                />
              </svg>
            </span>
             
            <span>
              Create a new bill
            </span>
          </div>
        </button>
      </div>
    </div>
  </div>
  <div
    class="ant-card-body"
  >
    <div
      class="ant-spin ant-spin-spinning LoadingIndicatorstyle__StyledSpin-sc-1hamj2j-0 cVaifN"
    >
      <span
        aria-label="loading"
        class="anticon anticon-loading LoadingIndicatorstyle__StyledLoadingOutlined-sc-1hamj2j-1 bgzkcd ant-spin-dot"
        role="img"
      >
        <svg
          aria-hidden="true"
          class="anticon-spin"
          data-icon="loading"
          fill="currentColor"
          focusable="false"
          height="1em"
          viewBox="0 0 1024 1024"
          width="1em"
        >
          <path
            d="M988 548c-19.9 0-36-16.1-36-36 0-59.4-11.6-117-34.6-171.3a440.45 440.45 0 00-94.3-139.9 437.71 437.71 0 00-139.9-94.3C629 83.6 571.4 72 512 72c-19.9 0-36-16.1-36-36s16.1-36 36-36c69.1 0 136.2 13.5 199.3 40.3C772.3 66 827 103 874 150c47 47 83.9 101.8 109.7 162.7 26.7 63.1 40.2 130.2 40.2 199.3.1 19.9-16 36-35.9 36z"
          />
        </svg>
      </span>
    </div>
  </div>
</div>
`;
