// Jest Snapshot v1, https://goo.gl/fbAQLP

exports[`<RedirectToggle /> should render a information 1`] = `
<div
  class="RedirectTogglestyle__StyledRedirectToggle-sc-15lqog-0 WiacX"
>
  <span>
    If you already have a bank account, you can log in by clicking on
  </span>
   
  <button
    class="ant-btn RedirectTogglestyle__StyledButton-sc-15lqog-1 cEWUtu ant-btn-link"
    type="button"
  >
    <span>
      Log In
    </span>
  </button>
</div>
`;
