// Jest Snapshot v1, https://goo.gl/fbAQLP

exports[`getCurrencies Saga should dispatch the getCurrenciesSuccess action if it requests the data successfully 1`] = `
Object {
  "@@redux-saga/IO": true,
  "combinator": false,
  "payload": Object {
    "args": Array [
      "http://localhost:4000/api/Currencies",
    ],
    "context": null,
    "fn": [Function],
  },
  "type": "CALL",
}
`;
