// Jest Snapshot v1, https://goo.gl/fbAQLP

exports[`getCurrencies Saga should call the getCurrenciesError action if the response errors 1`] = `
Object {
  "@@redux-saga/IO": true,
  "combinator": false,
  "payload": Object {
    "args": Array [
      "https://bank2.pietrzakadrian.com/api/currencies",
    ],
    "context": null,
    "fn": [Function],
  },
  "type": "CALL",
}
`;

exports[`getCurrencies Saga should dispatch the getCurrenciesSuccess action if it requests the data successfully 1`] = `
Object {
  "@@redux-saga/IO": true,
  "combinator": false,
  "payload": Object {
    "args": Array [
      "https://bank2.pietrzakadrian.com/api/currencies",
    ],
    "context": null,
    "fn": [Function],
  },
  "type": "CALL",
}
`;

exports[`getRepos Saga should call the repoLoadingError action if the response errors 1`] = `
Object {
  "@@redux-saga/IO": true,
  "combinator": false,
  "payload": Object {
    "args": Array [
      "https://bank2.pietrzakadrian.com/api/currencies",
    ],
    "context": null,
    "fn": [Function],
  },
  "type": "CALL",
}
`;

exports[`getRepos Saga should dispatch the reposLoaded action if it requests the data successfully 1`] = `
Object {
  "@@redux-saga/IO": true,
  "combinator": false,
  "payload": Object {
    "args": Array [
      "https://bank2.pietrzakadrian.com/api/currencies",
    ],
    "context": null,
    "fn": [Function],
  },
  "type": "CALL",
}
`;
