// Jest Snapshot v1, https://goo.gl/fbAQLP

exports[`<TransferTitle /> should render a TransferTitle 1`] = `
<form
  class="ant-form ant-form-horizontal"
>
  <div
    class="ant-row ant-form-item Formstyle__StyledFormItem-sc-7x4ylh-6 hnNRbx"
  >
    <div
      class="ant-col ant-form-item-label"
    >
      <label
        class="ant-form-item-required"
        for="transferTitle"
        title="Transfer title"
      >
        Transfer title
      </label>
    </div>
    <div
      class="ant-col ant-form-item-control"
    >
      <div
        class="ant-form-item-control-input"
      >
        <div
          class="ant-form-item-control-input-content"
        >
          <input
            class="ant-input"
            id="transferTitle"
            name="transferTitle"
            placeholder="Enter transfer title"
            type="text"
            value=""
          />
        </div>
      </div>
    </div>
  </div>
</form>
`;
