// Jest Snapshot v1, https://goo.gl/fbAQLP

exports[`<Deposits /> should render a Deposits 1`] = `
<div
  class="ant-card Cardstyle__StyledCard-s807iu-0 egrUQF ant-card-bordered"
  darker="true"
  excluded="true"
  shadowed="true"
>
  <div
    class="ant-card-head"
  >
    <div
      class="ant-card-head-wrapper"
    >
      <div
        class="ant-card-head-title"
      >
        Deposits
      </div>
      <div
        class="ant-card-extra"
      >
        <button
          class="ant-btn Buttonstyle__StyledButton-nh59mr-0 bcqyjQ ant-btn-link"
          type="button"
        >
          <div
            class="Buttonstyle__StyledButtonContent-nh59mr-1 cBxojI"
          >
            <span
              aria-label="bank"
              class="anticon anticon-bank"
              role="img"
            >
              <svg
                aria-hidden="true"
                class=""
                data-icon="bank"
                fill="currentColor"
                focusable="false"
                height="1em"
                viewBox="64 64 896 896"
                width="1em"
              >
                <path
                  d="M894 462c30.9 0 43.8-39.7 18.7-58L530.8 126.2a31.81 31.81 0 00-37.6 0L111.3 404c-25.1 18.2-12.2 58 18.8 58H192v374h-72c-4.4 0-8 3.6-8 8v52c0 4.4 3.6 8 8 8h784c4.4 0 8-3.6 8-8v-52c0-4.4-3.6-8-8-8h-72V462h62zM512 196.7l271.1 197.2H240.9L512 196.7zM264 462h117v374H264V462zm189 0h117v374H453V462zm307 374H642V462h118v374z"
                />
              </svg>
            </span>
             
            <span>
              New deposit
            </span>
          </div>
        </button>
      </div>
    </div>
  </div>
  <div
    class="ant-card-body"
  >
    <div
      class="Cardstyle__StyledCardContent-s807iu-1 fnMJaW"
    >
      <span>
        The deposits function is disabled.
      </span>
    </div>
  </div>
</div>
`;
