// Jest Snapshot v1, https://goo.gl/fbAQLP

exports[`<BankInformation /> should render a BankInformation 1`] = `
<section
  class="Widgetstyle__StyledWidget-sc-1bl1ktb-0 kjDbLh"
>
  <div
    class="Widgetstyle__StyledWidgetContent-sc-1bl1ktb-1 ctZsZP"
  >
    <div
      class="Widgetstyle__StyledWidgetContentDescription-sc-1bl1ktb-6 glPtKX"
    >
      Did you know that transfers in our bank arrive immediately?
    </div>
  </div>
</section>
`;
